  grandma v matt: done (30 s)
  grandpa v matt: done (48 s)
  lilmatt v matt: done (66 s)
  nick v matt: done (83 s)
  trump v matt: done (104 s)
  matt v zombie: done (122 s)

MATT      FAIL   (checkpoints\g1_matt\latest_matt.pt)
    footing      FAIL  4.00 falls a minute at worst
    attack       pass  1.13 a second at 5.8 m/s (mark 4.0), 1% to the head
    guard        pass  stops 75% of what comes at its head (0.17 blocks a second), takes 0.03 head shots a second
    chin         pass  legs taken 0.00 a minute (worst 0.00)
    getting up   pass  40 of 40 knockdowns, in 1.3 s on average (mark 80% within 8 s; against grandma)
    carrying on  FAIL  22 of 40 still up 3 s after the match policy took over
        v grandma  lands 1.64/s at 6.7 m/s, 1% head | blocks 0.07/s, head shots taken 0.00/s | falls 0.00/min | dazed: legs 0.00/min
        v grandpa  lands 0.01/s at 5.5 m/s, 0% head | blocks 0.00/s, head shots taken 0.00/s | falls 4.00/min | dazed: legs 0.00/min
        v lilmatt  lands 0.80/s at 6.1 m/s, 3% head | blocks 0.30/s, head shots taken 0.00/s | falls 0.89/min | dazed: legs 0.00/min
        v nick     lands 1.56/s at 6.7 m/s, 0% head | blocks 0.35/s, head shots taken 0.16/s | falls 0.00/min | dazed: legs 0.00/min
        v trump    lands 1.15/s at 5.7 m/s, 1% head | blocks 0.13/s, head shots taken 0.01/s | falls 0.44/min | dazed: legs 0.00/min
        v zombie   lands 1.64/s at 4.3 m/s, 0% head | blocks 0.16/s, head shots taken 0.02/s | falls 0.00/min | dazed: legs 0.00/min

0 of 1 boxers pass. 122 s.
